De Masi: 56 of 62 points are above threshold
N_Htil=  0.000  chi2=  2378.94  sigL(-t'=0.002)=   0.741  R_fwd= 0.0077  R(0.3)= 0.0217
N_Htil=  2.000  chi2=  2379.31  sigL(-t'=0.002)=   6.446  R_fwd= 0.0725  R(0.3)= 0.0470
N_Htil=  5.000  chi2=  2278.79  sigL(-t'=0.002)=   4.552  R_fwd= 0.0497  R(0.3)= 0.0329
N_Htil=  8.000  chi2=  2110.75  sigL(-t'=0.002)=  14.505  R_fwd= 0.1613  R(0.3)= 0.0958
N_Htil= 11.000  chi2=  2097.07  sigL(-t'=0.002)=  15.810  R_fwd= 0.1797  R(0.3)= 0.0958
N_Htil= 15.000  chi2=  2132.03  sigL(-t'=0.002)=  17.653  R_fwd= 0.1986  R(0.3)= 0.0950
N_Htil= 19.000  chi2=  2131.07  sigL(-t'=0.002)=  19.450  R_fwd= 0.2146  R(0.3)= 0.1023
N_Htil= 24.000  chi2=  2172.99  sigL(-t'=0.002)=  18.086  R_fwd= 0.2000  R(0.3)= 0.0870
N_Htil= 30.000  chi2=  2248.05  sigL(-t'=0.002)=  16.263  R_fwd= 0.1807  R(0.3)= 0.0741

chi2_min = 2097.07  -> Delta chi2 = 1 window:
  N=  0.000  dchi2=  281.88  R_fwd= 0.0077
  N=  2.000  dchi2=  282.24  R_fwd= 0.0725
  N=  5.000  dchi2=  181.72  R_fwd= 0.0497
  N=  8.000  dchi2=   13.68  R_fwd= 0.1613
  N= 11.000  dchi2=    0.00  R_fwd= 0.1797
  N= 15.000  dchi2=   34.96  R_fwd= 0.1986
  N= 19.000  dchi2=   34.00  R_fwd= 0.2146
  N= 24.000  dchi2=   75.93  R_fwd= 0.2000
  N= 30.000  dchi2=  150.99  R_fwd= 0.1807
